C51 COMPILER V9.54   ONEWIRE                                                               09/14/2023 11:03:45 PAGE 1   


C51 COMPILER V9.54, COMPILATION OF MODULE ONEWIRE
OBJECT MODULE PLACED IN .\Objects\onewire.obj
COMPILER INVOKED BY: F:\C51\BIN\C51.EXE onewire.c OPTIMIZE(8,SPEED) BROWSE DEBUG OBJECTEXTEND PRINT(.\Listings\onewire.l
                    -st) TABS(2) OBJECT(.\Objects\onewire.obj)

line level    source

   1          #include<REGX52.H>
   2          
   3          sbit OneWire_DQ=P3^7;
   4          
   5          unsigned char OneWire_Init(void)
   6          {
   7   1        unsigned char i;
   8   1        unsigned char ACKBit;
   9   1        OneWire_DQ=1;
  10   1        OneWire_DQ=0;
  11   1        i = 247;while(--i);  //delay 500us
  12   1        OneWire_DQ=1;
  13   1        i = 32;while(--i);  //delay 70us
  14   1        ACKBit=OneWire_DQ;
  15   1        i = 247;while(--i); //delay 500us
  16   1        return ACKBit;
  17   1      }
  18          
  19          void onewire_sendbit(unsigned char Bit)
  20          {
  21   1        unsigned char i;
  22   1        OneWire_DQ=0;
  23   1        i = 4;while(--i); //delay 10us
  24   1        OneWire_DQ = Bit;
  25   1        i = 24;while(--i); //delay 50us
  26   1        OneWire_DQ=1;
  27   1      }
  28          
  29          unsigned char onewire_receiveBit(void)
  30          {
  31   1        unsigned char i;
  32   1        unsigned char Bit;
  33   1        OneWire_DQ=0;
  34   1        i = 2;while(--i);               //delay 5us
  35   1        OneWire_DQ=1;
  36   1        i = 2;while(--i);              //delay 5us
  37   1        Bit=OneWire_DQ;
  38   1        i = 24;while(--i);             //delay 50us
  39   1        return Bit;
  40   1      }
  41          
  42          void onewire_sendByte(unsigned char Byte)
  43          {
  44   1        unsigned char i;
  45   1        for(i=0;i<8;i++)
  46   1        {
  47   2          onewire_sendbit(Byte&(0x01<<i));
  48   2        }
  49   1      }
  50          
  51          unsigned char onewire_reciveByte(void)
  52          {
  53   1        unsigned char i;
  54   1        unsigned char Byte=0x00;
C51 COMPILER V9.54   ONEWIRE                                                               09/14/2023 11:03:45 PAGE 2   

  55   1        for(i=0;i<8;i++)
  56   1        {
  57   2          if(onewire_receiveBit())
  58   2          {
  59   3            Byte|=(0x01<<i);
  60   3          }
  61   2        }
  62   1        return Byte;
  63   1      }


MODULE INFORMATION:   STATIC OVERLAYABLE
   CODE SIZE        =    122    ----
   CONSTANT SIZE    =   ----    ----
   XDATA SIZE       =   ----    ----
   PDATA SIZE       =   ----    ----
   DATA SIZE        =   ----    ----
   IDATA SIZE       =   ----    ----
   BIT SIZE         =   ----    ----
END OF MODULE INFORMATION.


C51 COMPILATION COMPLETE.  0 WARNING(S),  0 ERROR(S)
